// Jest Snapshot v1, https://goo.gl/fbAQLP

exports[`Test ChangePassword Shallow Should match snapshot 1`] = `
<div>
  <div
    className="header__container"
  >
    <button
      className="header__button"
      onClick={[Function]}
    >
      Settings
    </button>
    <ul
      className="header__drop-down "
    >
      <li
        className="header__drop-down-item"
      >
        <a
          className="header__link"
          href="/change-password"
          onClick={[Function]}
        >
          Change your password
        </a>
      </li>
      <li
        className="header__drop-down-item"
        onClick={[Function]}
      >
        Logout
      </li>
    </ul>
  </div>
  <h1
    className="change-password__title"
  >
    Change Password
  </h1>
  <div
    className="change-password__container"
  >
    <form
      className="change-password__form"
      onSubmit={[Function]}
    >
      <div
        className="input__container"
      >
        <h4
          className="input__text input__text--invisible"
        >
          Your new password must be different from the old password.
        </h4>
        <input
          className="input__field input__field--margin-top"
          onChange={[Function]}
          placeholder="Old Password"
          type="password"
          value=""
        />
      </div>
      <div
        className="input__container"
      >
        <h4
          className="input__text input__text--invisible"
        >
          Password must has 1 lowercase, 1 uppercase letter, 1 number and at least 8 characters in length
        </h4>
        <input
          className="input__field input__field--margin-top"
          onChange={[Function]}
          placeholder="New Password"
          type="password"
          value=""
        />
      </div>
      <div
        className="input__container"
      >
        <h4
          className="input__text input__text--invisible"
        >
          Password not match
        </h4>
        <input
          className="input__field input__field--margin-top"
          onChange={[Function]}
          placeholder="Confirm new password"
          type="password"
          value=""
        />
      </div>
      <button
        className="primary-button "
      >
        <span>
          Submit
        </span>
        <div
          className="spinner-border spinner-border-m text-light"
        />
      </button>
    </form>
  </div>
</div>
`;
